                                                                                                 
                         U.S.S.R.  NAVAL  VESSEL  INVENTORY  REPORT                              


  LOCATION NAME       VESSEL  FUNCTION         VESSEL   NAME       TONNAGE   CREW    MONTHLY COST

THE PACIFIC        AIRCRAFT CARRIER        KIEV                     37,000   1,700    $4,437,000 

                                           NOROROSSIYSK             37,000   1,700    $4,437,000 

                   CRUISER/BATTLESHIP      SVERDLOV                 17,200   1,010    $2,373,500 

                                           MOSKVA                   17,000     850    $1,997,500 

                                           KERCH                     9,700     520    $1,222,000 

                                           TASKENT                   9,700     520    $1,222,000 

                                           ADMIRAL ISAKOV            7,600     380      $893,000 

                                           MARSHAL VOROSHILOV        7,600     380      $893,000 

                                           ADMIRAL ISACHENKOV        7,600     380      $893,000 

                                           GROZNYY                   5,600     375      $881,250 

                                           ADMIRAL GOLOVKO           5,600     375      $881,250 

                   FRIGATE                 SEVERODVINSK              4,000     200      $199,800 

                                           KOMSOMOLSK                4,000     200      $199,800 

                                           GORKI                     4,000     200      $199,800 

                   NUCLEAR SUBMARINE       BRESNEV                   2,760      60      $153,000 

                                           ZHDANOV                   5,700      80      $204,000 

THE ATLANTIC       AIRCRAFT CARRIER        MINSK                    37,000   1,700    $4,352,000 

                   CRUISER/BATTLESHIP      LENINGRAD                17,000     850    $1,955,000 

                                           ADMIRAL NAKIMOV           7,600     380      $874,000 

                   NUCLEAR SUBMARINE       LENIN                     2,760      60      $146,160 

                                           AZOVIN                    2,760      60      $146,160 

THE MEDITERRANEAN  CRUISER/BATTLESHIP      POTEMKIN                 17,000     850    $1,708,500 

                                           KARA                      9,700     520    $1,045,200 

                                           ADMIRAL OKTYABR'SKIY      7,600     380      $763,800 

                   DESTROYER               BEDOVY                    3,500     300      $288,000 

                                           NEUDERZHIMYY              3,500     300      $288,000 

THE INDIAN OCEAN   AIRCRAFT CARRIER        KHARKOV                  37,000   1,700    $4,396,200 

                   CRUISER/BATTLESHIP      ZHANDOV                  17,200   1,010    $2,358,350 

                                           TALLIN                    9,700     520    $1,214,200 

                                           ADMIRAL YUMASHEV          7,600     380      $887,300 

                                           VARYAG                    5,600     375      $875,625 

                   DESTROYER               PROZORLIVYY               3,500     300      $630,000 

                                           NEULOVIMYY                3,500     300      $630,000 

                   FRIGATE                 YAKOLEV                   4,000     200      $199,200 

                   NUCLEAR SUBMARINE       TROTSKY                   2,760      60      $149,160 

                                           KRONSHTADT                5,700      80      $198,880 

THE OTHER SEAS     CRUISER/BATTLESHIP      KIROV                    23,000     900    $1,966,500 

                                           OCHAKOV                   9,700     520    $1,136,200 

                                           NIKOLAYEV                 9,700     520    $1,136,200 

                                           PETROPAVLOVSK             9,700     520    $1,136,200 

                                           ADMIRAL MARAKOV           7,600     380      $830,300 

                                           MARSHAL TIMOSENKO         7,600     380      $830,300 

                   DESTROYER               GORSHKOV                  3,500     300      $270,000 

                   FRIGATE                 KALINGRAD                 4,000     200      $182,000 

                                           RAZITEL'NYJ               4,000     200      $182,000 

                                           NIKOLAYAEV                4,000     200      $182,000 

                   CONVENTIONAL SUBMARINE  VASILIY CHAPAEV           2,400      78      $182,208 

                                           CHEKOVIN                  2,400      78      $182,208 

                   ASSAULT SHIP            ROPUCHKA                 13,000     200      $139,200 

                                           PETROVSKIY               13,000     200      $139,200 

                                           IVAN ROGOV               13,000     200      $139,200 