                    FOLIO SOCIETY BEST SELLERS LIST
                   ---------------------------------


 RANK  BOOK NO.         BOOK TITLE                AUTHOR NAME         SALES

  1.    10000   Ringworld                  Larry Niven                1,389

  2.    20000   Dragon Flight              Anne Mc Caffrey              200

  3.    30000   Lensman series             E.E. Doc Smith               100

  4.    40000   The Practice Effect        David Brin                    99

  5.    99999   The Fountains of Paradise  Arthur C. Clark               90

  6.    88888   The Gods Themselves        Isaac Asimov                  80

  7.    77777   Dune                       Frank Herbert                 70

  8.    66666   Doomsday Book              Connie Willis                 60

  9.    55555   The Demolished Man         Alfred Bester                 50

 10.    44444   The Crysalids              John Wyndham                  40


                         *** END OF REPORT ***