                                                          
              OIL  STOCK  REPORT                          
            ----------------------                        
                                                          
                                                          
  OIL  NAME           OIL#  SIZE   QTY     STOCK VALUE    
                                                          
BASIL                 0019   09        5       $36.25     
                                                          
                          TOTAL OIL VALUE       $36.25    
                                                          
                                                          
BENZOIN               0027   09       20      $135.00     
                                                          
                      0035   05       30       $97.50     
                                                          
                          TOTAL OIL VALUE      $232.50    
                                                          
                                                          
BERGAMOT              0043   09       40      $390.00     
                                                          
                      0051   05        0        $0.00     
                                                          
                          TOTAL OIL VALUE      $390.00    
                                                          
                                                          
CAJUPUT               0086   09      110      $577.50     
                                                          
                          TOTAL OIL VALUE      $577.50    
                                                          
                                                          
CEDARWOOD             0116   09      100      $475.00     
                                                          
                          TOTAL OIL VALUE      $475.00    
                                                          
                                                          
CHAMOMILE             0124   09      213    $2,076.75     
                                                          
                          TOTAL OIL VALUE    $2,076.75    
                                                          
                                                          
CLARY SAGE            0132   09      300    $1,650.00     
                                                          
                          TOTAL OIL VALUE    $1,650.00    
                                                          
                                                          
CLOVE                 0159   09      430    $2,859.50     
                                                          
                      0167   05      540    $2,025.00     
                                                          
                          TOTAL OIL VALUE    $4,884.50    
                                                          
                                                          
                                                          
                                                          
                                                          
                                                          
                                                          
                                                          
                                                          
                                                          
                                                          
                                                          
                                                          
                                                          
                                                          
                                                          
                                                          
                                                          
                                                          
                                                          
  OIL  NAME           OIL#  SIZE   QTY     STOCK VALUE    
                                                          
CYPRESS               0183   09    2,763    $9,808.65     
                                                          
                          TOTAL OIL VALUE    $9,808.65    
                                                          
                                                          
EUCALYPTUS            0205   09       80      $500.00     
                                                          
                      0213   30    1,110   $19,425.00     
                                                          
                      0523   05    2,970    $4,455.00     
                                                          
                          TOTAL OIL VALUE   $24,380.00    
                                                          
                                                          
FRANKINCENSE          0221   09    1,220    $8,845.00     
                                                          
                          TOTAL OIL VALUE    $8,845.00    
                                                          
                                                          
GERANIUM              0248   09    1,330    $8,645.00     
                                                          
                          TOTAL OIL VALUE    $8,645.00    
                                                          
                                                          
GINGER                0256   09    1,440   $11,160.00     
                                                          
                      0264   05    1,550    $5,037.50     
                                                          
                          TOTAL OIL VALUE   $16,197.50    
                                                          
                                                          
JASMINE               0302   03    1,880   $36,660.00     
                                                          
                      0329   05    1,990   $10,945.00     
                                                          
                          TOTAL OIL VALUE   $47,605.00    
                                                          
                                                          
LAVENDER              0345   09    2,103   $11,566.50     
                                                          
                      0353   30    2,200   $27,500.00     
                                                          
                      0507   05    2,953    $7,382.50     
                                                          
                                                          
                                                          
                                                          
                                                          
                                                          
                                                          
                                                          
                                                          
                                                          
                                                          
                                                          
                                                          
                                                          
                                                          
                                                          
                                                          
                                                          
                                                          
                                                          
                                                          
  OIL  NAME           OIL#  SIZE   QTY     STOCK VALUE    
                                                          
LAVENDER              0558   50    2,987   $61,233.50     
                                                          
                          TOTAL OIL VALUE  $107,682.50    
                                                          
                                                          
LEMON                 0361   09    2,300   $12,650.00     
                                                          
                          TOTAL OIL VALUE   $12,650.00    
                                                          
                                                          
LEMONGRASS            0388   09    2,400   $10,680.00     
                                                          
                          TOTAL OIL VALUE   $10,680.00    
                                                          
                                                          
MARJORAM              0418   09    2,300   $16,905.00     
                                                          
                          TOTAL OIL VALUE   $16,905.00    
                                                          
                                                          
MELISSA               0426   09    2,800   $35,000.00     
                                                          
                      0434   05    2,800   $14,700.00     
                                                          
                          TOTAL OIL VALUE   $49,700.00    
                                                          
                                                          
MYRRH                 0442   05    2,900   $13,050.00     
                                                          
                          TOTAL OIL VALUE   $13,050.00    
                                                          
                                                          
NEROLI                0477   03    2,920   $64,970.00     
                                                          
                      0485   05    2,930   $16,115.00     
                                                          
                          TOTAL OIL VALUE   $81,085.00    
                                                          
                                                          
ORANGE                0191   09      870    $4,785.00     
                                                          
                          TOTAL OIL VALUE    $4,785.00    
                                                          
                                                          
                                                          
                                                          
                                                          
                                                          
                                                          
                                                          
                                                          
                                                          
                                                          
                                                          
                                                          
                                                          
                                                          
                                                          
                                                          
                                                          
                                                          
                                                          
                                                          
                                                          
  OIL  NAME           OIL#  SIZE   QTY     STOCK VALUE    
                                                          
PATCHOULI             0396   09    2,500   $21,125.00     
                                                          
                          TOTAL OIL VALUE   $21,125.00    
                                                          
                                                          
PEPPERMINT            0469   09    2,910   $21,970.50     
                                                          
                          TOTAL OIL VALUE   $21,970.50    
                                                          
                                                          
PETITGRAIN            0337   09    2,000   $13,000.00     
                                                          
                          TOTAL OIL VALUE   $13,000.00    
                                                          
                                                          
ROSE OTTO             0094   03       80    $2,040.00     
                                                          
                      0108   05       90      $495.00     
                                                          
                      0531   05    2,900   $17,450.00     
                                                          
                          TOTAL OIL VALUE   $19,985.00    
                                                          
                                                          
ROSEMARY              0078   09       60      $270.00     
                                                          
                          TOTAL OIL VALUE      $270.00    
                                                          
                                                          
SANDALWOOD            0175   09      650    $5,167.50     
                                                          
                          TOTAL OIL VALUE    $5,167.50    
                                                          
                                                          
TEA TREE              0272   09    1,660    $9,130.00     
                                                          
                      0299   30    1,000   $12,250.00     
                                                          
                      0515   05    2,960    $6,660.00     
                                                          
                          TOTAL OIL VALUE   $28,040.00    
                                                          
                                                          
                                                          
                                                          
                                                          
                                                          
                                                          
                                                          
                                                          
                                                          
                                                          
                                                          
                                                          
                                                          
                                                          
                                                          
                                                          
                                                          
                                                          
                                                          
                                                          
                                                          
                                                          
  OIL  NAME           OIL#  SIZE   QTY     STOCK VALUE    
                                                          
YLANG-YLANG           0493   05    2,940   $22,050.00     
                                                          
                          TOTAL OIL VALUE   $22,050.00    
                                                          
                                                          
                          TOTAL STOCK VALUE    $553,949.15
                                                          
                                                          
                                                          
                                                          
                                                          
                                                          
                                                          
                                                          
                                                          
                                                          
                                                          
                                                          
                                                          
                                                          
                                                          
                                                          
                                                          
                                                          
                                                          
                                                          
                                                          
                                                          
                                                          
                                                          
                                                          
                                                          
                                                          
                                                          
                                                          
                                                          
                                                          
                                                          
                                                          
                                                          
                                                          
                                                          
                                                          
                                                          
                                                          
                                                          
                                                          
                                                          
                                                          
                                                          
                                                          
                                                          
                                                          
                                                          
                                                          
                                                          
                                                          
                                                          
                                                          
