
              AROMAMORA SUMMARY SALES REPORT
             --------------------------------


 CUSTOMER NAME        CUST-ID   SALES   QTY SOLD   SALES VALUE

AROMANIACS             22346       5        250       $177.50

AROMANTICS             12344       4      1,100       $727.00

EATS OF EDEN           12350       5      1,485     $1,559.25

HEAVEN SCENT           32348       8      2,545     $5,033.25

MAKING SCENTS OF IT    52332       3        135       $114.75

ODOURS OF SANCTITY     52338       1         45        $13.05

OIL IN GOOD TIME       42346       2        180        $99.00

OILS FOR ALL           12352      16      3,185     $1,988.25

OILS WELL THAT ENDS    32350       1      1,000    $11,150.00

SCENTIMENTS            12332       5      3,350    $10,872.50

SCENTS OF FOREBODING   42348       2        180        $70.20

SCENTS OF FREEDOM      52348       2      1,800     $1,206.00

SCENTS OF SMELL        22342       4        400     $2,420.00

SCENTSUALITY           52336       2        180       $171.00

WEALTH FOR HEALTH      32358       7      7,650     $3,622.50

WHIFFS OF WISDOM       22354       7      3,750     $1,667.50

WINNING WHIFFS         52346       1          9         $5.85


                                 TOTAL SALES       :          75

                                 TOTAL QTY SOLD    :      27,244

                                 TOTAL SALES VALUE :  $40,897.60