                  NETNEWS  DUE  SUBSCRIPTIONS  REPORT
                 -------------------------------------


     COUNTRY NAME           CUSTOMER NAME        PAY METHOD  SUBS    LC SUBS

Belgium                   BELGIUM NAME01      VS VISA         $20         625
                          BELGIUM NAME02      VS VISA        $100       3,125
                          BELGIUM NAME03      VS VISA        $180       5,625
                          BELGIUM NAME04      CH Cheque      $180       5,625
                          BELGIUM NAME05      AC Access       $20         625
                          BELGIUM NAME06      AC Access      $100       3,125
                          BELGIUM NAME07      AC Access      $180       5,625



                                         VISA      TOTAL     $300
                                         ACCESS    TOTAL     $300
                                         AMEXPRESS TOTAL       $0
                                         CHEQUE    TOTAL     $180



Germany                   GERMANY NAME01      VS VISA         $20          31
                          GERMANY NAME02      VS VISA        $100         154
                          GERMANY NAME03      VS VISA        $180         277
                          GERMANY NAME04      VS VISA        $180         277
                          GERMANY NAME05      AC Access       $20          31
                          GERMANY NAME06      AC Access      $100         154
                          GERMANY NAME07      AC Access      $180         277



                                         VISA      TOTAL     $480
                                         ACCESS    TOTAL     $300
                                         AMEXPRESS TOTAL       $0
                                         CHEQUE    TOTAL       $0



Ireland                   IRISH NAME01        VS VISA         $20          13
                          IRISH NAME02        VS VISA        $100          63
                          IRISH NAME03        VS VISA        $180         114
                          IRISH NAME04        VS VISA        $180         114
                          IRISH NAME05        AC Access       $20          13
                          IRISH NAME06        AC Access      $100          63
                          IRISH NAME07        AC Access      $180         114
                          IRISH NAME08        AC Access      $180         114
                          IRISH NAME09        AM AmExpress    $20          13
                          IRISH NAME10        AM AmExpress   $100          63
                          IRISH NAME11        AM AmExpress   $180         114
                          IRISH NAME12        AM AmExpress    $20          13
                          IRISH NAME13        CH Cheque       $20          13
                          IRISH NAME14        CH Cheque      $100          63
                          IRISH NAME15        CH Cheque      $180         114
                          IRISH NAME16        CH Cheque      $100          63



                                         VISA      TOTAL     $480
                                         ACCESS    TOTAL     $480
                                         AMEXPRESS TOTAL     $320
                                         CHEQUE    TOTAL     $400



Romania                   ROMANIAN NAME01     VS VISA         $20           0
                          ROMANIAN NAME02     VS VISA        $100           0
                          ROMANIAN NAME03     VS VISA        $180           0
                          ROMANIAN NAME04     VS VISA        $180           0



                                         VISA      TOTAL     $480
                                         ACCESS    TOTAL       $0
                                         AMEXPRESS TOTAL       $0
                                         CHEQUE    TOTAL       $0



South Africa              SOUTH AFRICA NAME01 AM AmExpress   $180         807
                          SOUTH AFRICA NAME02 AM AmExpress    $20          90
                          SOUTH AFRICA NAME03 CH Cheque       $20          90
                          SOUTH AFRICA NAME04 CH Cheque      $100         448
                          SOUTH AFRICA NAME05 CH Cheque      $180         807
                          SOUTH AFRICA NAME06 CH Cheque      $100         448
                          SOUTH AFRICA NAME10 AM AmExpress   $100         448



                                         VISA      TOTAL       $0
                                         ACCESS    TOTAL       $0
                                         AMEXPRESS TOTAL     $300
                                         CHEQUE    TOTAL     $400



Sweden                    SWEDISH NAME08      AC Access      $180       1,226
                          SWEDISH NAME09      AM AmExpress    $20         136
                          SWEDISH NAME10      AM AmExpress   $100         681
                          SWEDISH NAME11      AM AmExpress   $180       1,226
                          SWEDISH NAME12      AM AmExpress    $20         136



                                         VISA      TOTAL       $0
                                         ACCESS    TOTAL     $180
                                         AMEXPRESS TOTAL     $320
                                         CHEQUE    TOTAL       $0



Taiwan                    TAIWAN NAME05       AC Access       $20         543
                          TAIWAN NAME06       AC Access      $100       2,717
                          TAIWAN NAME07       AC Access      $180       4,891
                          TAIWAN NAME08       AC Access      $180       4,891
                          TAIWAN NAME09       AM AmExpress    $20         543
                          TAIWAN NAME10       AM AmExpress   $100       2,717
                          TAIWAN NAME11       AM AmExpress   $180       4,891



                                         VISA      TOTAL       $0
                                         ACCESS    TOTAL     $480
                                         AMEXPRESS TOTAL     $300
                                         CHEQUE    TOTAL       $0



Turkey                    TURKEY NAME01       VS VISA         $20   1,515,720
                          TURKEY NAME02       AC Access      $100   7,578,600
                          TURKEY NAME03       AM AmExpress   $180  13,641,480
                          TURKEY NAME04       CH Cheque      $180  13,641,480



                                         VISA      TOTAL      $20
                                         ACCESS    TOTAL     $100
                                         AMEXPRESS TOTAL     $180
                                         CHEQUE    TOTAL     $180



United States             USA NAME01          VS VISA         $20          20
                          USA NAME02          VS VISA        $100         100
                          USA NAME03          VS VISA        $180         180
                          USA NAME04          VS VISA        $180         180
                          USA NAME05          AC Access       $20          20
                          USA NAME06          AC Access      $100         100
                          USA NAME07          AC Access      $180         180
                          USA NAME08          AC Access      $180         180
                          USA NAME09          AM AmExpress    $20          20
                          USA NAME10          AM AmExpress   $100         100
                          USA NAME11          AM AmExpress   $180         180
                          USA NAME12          AM AmExpress    $20          20
                          USA NAME13          CH Cheque       $20          20
                          USA NAME14          CH Cheque      $100         100
                          USA NAME15          CH Cheque      $180         180
                          USA NAME16          CH Cheque      $100         100



                                         VISA      TOTAL     $480
                                         ACCESS    TOTAL     $480
                                         AMEXPRESS TOTAL     $320
                                         CHEQUE    TOTAL     $400



                                   FINAL VISA      TOTAL      $2,240
                                   FINAL ACCESS    TOTAL      $2,320
                                   FINAL AMEXPRESS TOTAL      $1,740
                                   FINAL CHEQUE    TOTAL      $1,560