                                                                                     
                          PURCHASE  REQUIREMENTS  REPORT                    PAGE :  1
                         --------------------------------                            
                                                                                     
                                                                                     
 PUBLISHER NAME                 BOOK  TITLE             QTY     LECTURER  NAME       
                                                                                     
MCGRAW-HILL            Modula-2 for infants              15   HOGAN,PAUL             
                                                                                     
                       Spanish for COBOL programmers     15   PUNCH,JUDY             
                                                                                     
                       Teaching practices                12   WALSH,MICHAEL          
                                                                                     
                       Word processing for writers       34   STONE,WILBER           
                                                                                     
                       Word processing for writers       34   MURRAY,BERT            
                                                                                     
                       Word processing for writers       56   MAHON,JOHN             
                                                                                     
                       Understanding comedy              24   SHARPE,TOM             
                                                                                     
                       Understanding comedy              37   MATHEW,LUKE            
                                                                                     
MICROSOFT PRESS        Mechanical Production; Aspects    25   LENNON,JOE             
                                                                                     
                       Programming Pearls                24   DILLON,FINBARR         
                                                                                     
                       Programming Pearls                25   SEXTON,KAY             
                                                                                     
                       How to solve it by computer       23   CURTIN,DAVID           
                                                                                     
                       Production Management            115   REEVES,SEAN            
                                                                                     
PRENTICE/HALL INC.     Maths for all                     25   KELLY,GERARD           
                                                                                     
                       Maths for all                     10   KEANE,MARY             
                                                                                     
                       Maths for all                     23   SHINE,BRENDAN          
                                                                                     
                       Maths for all                     24   MULCAHY,ANGUS          
                                                                                     
                       Sequential Program Structures     45   KINSELLA,BRIEN         
                                                                                     
                       Management Science : A guide      78   LOWRY,JOHN             
                                                                                     
QUE                    Running for swimmers              75   KENNY,ANN              
                                                                                     
                       Running for swimmers              98   HEFFERNAN,ALBERT       
                                                                                     
                       Among the artic pygmies           67   MADIGAN,ELVIRA         
                                                                                     
                                                                                     
                                                                                     
                                                                                     
                                                                                     
                                                                                     
                                                                                     
                                                                                     
                                                                                     
                                                                                     
                                                                                     
                                                                                     
                                                                                     
                                                                                     
                                                                                     
                                                                                     
                                                                                     
                          PURCHASE  REQUIREMENTS  REPORT                    PAGE :  2
                         --------------------------------                            
                                                                                     
                                                                                     
 PUBLISHER NAME                 BOOK  TITLE             QTY     LECTURER  NAME       
                                                                                     
YOURDON EUROPE         The practical guide to SSD        45   PARKHEAD,JOE           
                                                                                     
                       Exceling in spreadsheets          16   KIDNEY,JOAN            
                                                                                     
                       Programmers at work               48   MAJOR,MAJOR            
                                                                                     
                       Programmers at work              145   LAMB,ROBERT            
                                                                                     
                                                                                     
                                                                                     
                                                                                     
                                                                                     
                                                                                     
                                                                                     
                                                                                     
                                                                                     
                                                                                     
                                                                                     
                                                                                     
                                                                                     
                                                                                     
                                                                                     
                                                                                     
                                                                                     
                                                                                     
                                                                                     
                                                                                     
                                                                                     
                                                                                     
                                                                                     
                                                                                     
                                                                                     
                                                                                     
                                                                                     
                                                                                     
                                                                                     
                                                                                     
                                                                                     
                                                                                     
                                                                                     
                                                                                     
                                                                                     
                                                                                     
                                                                                     
                                                                                     
                                                                                     
                                                                                     
                                                                                     
                            *** END  OF  REPORT ***                                  
                                                                                     
                                                                                     
                                                                                     
                                                                                     
                                                                                     
                                                                                     
                                                                                     
                                                                                     
                                                                                     
                                                                                     
